python : Traceback (most recent call last):
At line:1 char:1
+ python tests/reproduce_sop4_primary.py > test_output.txt 2>&1
+ ~~~~~~~~~~~~~~~~~~~~~~~~~~~~~~~~~~~~~~~~~~~~~~~~~~~~~~~~~~~~~
    + CategoryInfo          : NotSpecified: (Traceback (most recent call last)::String) [], RemoteException
    + FullyQualifiedErrorId : NativeCommandError
 
  File "C:\Users\manum\.gemini\antigravity\scratch\gst\src\services\scrutiny_parser.py", line 1735, in parse_file
    liab = {k: max(0.0, diff[k]) for k in diff}
               ~~~^^^^^^^^^^^^^^
TypeError: '>' not supported between instances of 'MagicMock' and 'float'
F
======================================================================
FAIL: test_sop4_primary_path_structure (__main__.TestSOP4PrimaryLayout.test_sop4_primary_path_structure)
Test that SOP-4 Primary Path (3B PDF + 2B Analyzer) generates a 4-row table.
----------------------------------------------------------------------
Traceback (most recent call last):
  File "C:\Users\manum\AppData\Local\Python\pythoncore-3.14-64\Lib\unittest\mock.py", line 1432, in patched
    return func(*newargs, **newkeywargs)
  File "C:\Users\manum\.gemini\antigravity\scratch\gst\tests\reproduce_sop4_primary.py", line 56, in 
test_sop4_primary_path_structure
    self.assertIsNotNone(sop4, "SOP-4 Issue not found in result")
    ~~~~~~~~~~~~~~~~~~~~^^^^^^^^^^^^^^^^^^^^^^^^^^^^^^^^^^^^^^^^^
AssertionError: unexpectedly None : SOP-4 Issue not found in result

----------------------------------------------------------------------
Ran 1 test in 0.006s

FAILED (failures=1)
Running parse_file with mocks...
Error in SOP-3 Expanded: '>' not supported between instances of 'MagicMock' and 'float'
DEBUG: Calling SOP-10. GSTR2B Analyzer: <src.services.scrutiny_parser.ScrutinyParser.parse_file.<locals>.CompositeGSTR2B object at 0x000001EE541F7CB0>
Group B Parse Error (ITC (Import): openpyxl does not support .pdf file format, please check you can open it with Excel first. Supported formats are: .xlsx,.xlsm,.xltx,.xltm
DEBUG: parse_file returning 10 issues.
DEBUG ISSUE[0]: <class 'dict'> -> {'issue_id': 'LIABILITY_3B_R1', 'error': {'code': 'PARSER_ERROR', 'type': 'blocking', 'message': 'Critical error parsing Excel: openpyxl does not support .pdf file format, please check you can open it
DEBUG ISSUE[1]: <class 'dict'> -> {'issue_id': 'RCM_LIABILITY_ITC', 'category': 'RCM (GSTR 3B vs GSTR 2B)', 'original_header': 'Point 2- RCM (GSTR 3B vs GSTR 2B)', 'total_shortfall': 0, 'status': 'info', 'status_msg': 'No RCM data fou
DEBUG ISSUE[2]: <class 'dict'> -> {'issue_id': 'ISD_CREDIT_MISMATCH', 'category': 'ISD Credit (GSTR 3B vs GSTR 2B)', 'description': 'Point 3- ISD Credit (GSTR 3B vs GSTR 2B)', 'status': 'info', 'status_msg': "Analysis Error: '>' not s
DEBUG ISSUE[3]: <class 'dict'> -> {'issue_id': 'ITC_3B_2B_OTHER', 'category': 'All Other ITC (GSTR 3B vs GSTR 2B)', 'description': 'Point 4- All Other ITC (GSTR 3B vs GSTR 2B)', 'source_used': 'GSTR_3B_2B', 'total_shortfall': 60.0, 's
DEBUG ISSUE[4]: <class 'dict'> -> {'issue_id': 'IMPORT_ITC_MISMATCH', 'category': 'Import of Goods (IMPG) vs 3B', 'description': 'Import of Goods (IMPG) vs 3B', 'status': 'info', 'status_msg': 'Error: openpyxl does not support .pdf fi
DEBUG ISSUE[5]: <class 'dict'> -> {'issue_id': 'TDS_TCS_MISMATCH', 'category': 'TDS/TCS (GSTR 3B vs GSTR 2B)', 'description': 'Point 5- TDS/TCS (GSTR 3B vs GSTR 2B)', 'status_msg': 'GSTR-2A not uploaded', 'status': 'info', 'total_shor
DEBUG ISSUE[6]: <class 'dict'> -> {'issue_id': 'CANCELLED_SUPPLIERS', 'category': 'ITC passed on by Cancelled TPs', 'description': 'Point 7- ITC passed on by Cancelled TPs', 'template_type': 'ineligible_itc', 'status_msg': 'GSTR-2A no
DEBUG ISSUE[7]: <class 'dict'> -> {'issue_id': 'NON_FILER_SUPPLIERS', 'category': 'ITC passed on by Suppliers who have not filed GSTR 3B', 'description': 'Point 8- ITC passed on by Suppliers who have not filed GSTR 3B', 'template_type
DEBUG ISSUE[8]: <class 'dict'> -> {'issue_id': 'SEC_16_4_VIOLATION', 'category': 'Ineligible Availment of ITC [Violation of Section 16(4)]', 'description': 'Point 9- Ineligible Availment of ITC [Violation of Section 16(4)]', 'status_m
DEBUG ISSUE[9]: <class 'dict'> -> {'issue_id': 'RULE_42_43_VIOLATION', 'category': 'Rule 42/43 Reversal Mismatch', 'description': 'Point 11- Rule 42/43 Reversal Mismatch', 'status_msg': 'Verification required', 'status': 'info'}
DISPATCH_MARKER: Phase-2 parser completed
DEBUG: Issues list contains 3 items
Item 0: type=<class 'str'> val=metadata
Item 1: type=<class 'str'> val=issues
Item 2: type=<class 'str'> val=summary
